[backblue.gif]
[fade.gif]
[index.html]
[code.jquery.com/jquery-2.2.4.min.js]
[maxcdn.bootstrapcdn.com/bootstrap/3.3.7/js/bootstrap.min.js]
[localhost_60754/css/moment/moment.js]
[localhost_60754/js/custom.min.js]
[localhost_60754/js/custom.js]
[localhost_60754/images/img.jpg]
[localhost_60754/js/sited534.js]
[localhost_60754/index.html]
[localhost_60754/css/bootstrap/dist/fonts/glyphicons-halflings-regular.eot]
[localhost_60754/css/bootstrap/dist/fonts/glyphicons-halflings-regular.woff2]
[localhost_60754/css/bootstrap/dist/fonts/glyphicons-halflings-regulard41d.eot]
[localhost_60754/css/bootstrap/dist/fonts/glyphicons-halflings-regular.woff]
[localhost_60754/css/bootstrap/dist/fonts/glyphicons-halflings-regular.ttf]
[localhost_60754/css/bootstrap/dist/css/bootstrap.css]
[localhost_60754/css/bootstrap/dist/css/bootstrap-theme.css]
[localhost_60754/images/background.jpg]
[localhost_60754/css/site.css]
[localhost_60754/css/font-awesome/fonts/fontawesome-webfont5b62.eot]
[localhost_60754/css/font-awesome/fonts/fontawesome-webfontd41d.eot]
[localhost_60754/css/font-awesome/fonts/fontawesome-webfont5b62.woff2]
[localhost_60754/css/font-awesome/fonts/fontawesome-webfont5b62.woff]
[localhost_60754/css/font-awesome/fonts/fontawesome-webfont5b62.ttf]
[localhost_60754/css/font-awesome/css/font-awesome.css]
[localhost_60754/css/animate.css/animate.min.css]
[localhost_60754/css/nprogress/nprogress.css]
[cssdeck.com/uploads/media/items/8/8bcLQqF.png]
[localhost_60754/css/custom.min.css]
[localhost_60754/Clients.html]
[localhost_60754/Applicants.html]
[localhost_60754/Questions.html]
[localhost_60754/Provinces.html]
[localhost_60754/Cities.html]
[localhost_60754/Programs.html]
[localhost_60754/Batches.html]
[localhost_60754/Groups.html]
[localhost_60754/Users.html]
[localhost_60754/Reports/Summary.html]
[localhost_60754/Reports/Detail.html]
[localhost_60754/chartjs.html]
[localhost_60754/chartjs2.html]
[localhost_60754/morisjs.html]
[localhost_60754/echarts.html]
[localhost_60754/other_charts.html]
[localhost_60754/e_commerce.html]
[localhost_60754/projects.html]
[localhost_60754/project_detail.html]
[localhost_60754/contacts.html]
[localhost_60754/profile.html]
[localhost_60754/page_403.html]
[localhost_60754/page_404.html]
[localhost_60754/page_500.html]
[localhost_60754/plain_page.html]
[localhost_60754/login.html]
[localhost_60754/pricing_tables.html]
[localhost_60754/level2.html]
[localhost_60754/css/bootstrap/dist/fonts/glyphicons-halflings-regular.svg]
[localhost_60754/css/font-awesome/fonts/fontawesome-webfont5b62.svg]
[localhost_60754/lib/jquery-validation/dist/jquery.validate.js]
[localhost_60754/lib/jquery-validation-unobtrusive/jquery.validate.unobtrusive.js]
[localhost_60754/Clients/Create.html]
[localhost_60754/Clients/Details0b30.html]
[localhost_60754/Clients/Edit0b30.html]
[localhost_60754/Clients/Delete0b30.html]
[localhost_60754/css/bootstrap-datetimepicker/build/js/bootstrap-datetimepicker.min.js]
[localhost_60754/Applicants/Create.html]
[localhost_60754/Applicants/Edit681a.html]
[localhost_60754/Applicants/Details681a.html]
[localhost_60754/Applicants/Delete681a.html]
[localhost_60754/Applicants/Edit0b30.html]
[localhost_60754/Applicants/Details0b30.html]
[localhost_60754/Applicants/Delete0b30.html]
[localhost_60754/Applicants/Editd708.html]
[localhost_60754/Applicants/Detailsd708.html]
[localhost_60754/Applicants/Deleted708.html]
[localhost_60754/Applicants/Editdcfd.html]
[localhost_60754/Applicants/Detailsdcfd.html]
[localhost_60754/Applicants/Deletedcfd.html]
[localhost_60754/Questions/Create.html]
[localhost_60754/Answers/Create3a9f.html]
[localhost_60754/Questions/Delete3a9f.html]
[localhost_60754/Questions/Edit3a9f.html]
[localhost_60754/Answers/Create8803.html]
[localhost_60754/Questions/Delete8803.html]
[localhost_60754/Questions/Edit8803.html]
[localhost_60754/Answers/Createc3c9.html]
[localhost_60754/Questions/Deletec3c9.html]
[localhost_60754/Questions/Editc3c9.html]
[localhost_60754/Answers/Create5255.html]
[localhost_60754/Questions/Delete5255.html]
[localhost_60754/Questions/Edit5255.html]
[localhost_60754/Answers/Createf41b.html]
[localhost_60754/Questions/Deletef41b.html]
[localhost_60754/Questions/Editf41b.html]
[localhost_60754/Answers/Create0055.html]
[localhost_60754/Questions/Delete0055.html]
[localhost_60754/Questions/Edit0055.html]
[localhost_60754/Answers/Create4ef9.html]
[localhost_60754/Questions/Delete4ef9.html]
[localhost_60754/Questions/Edit4ef9.html]
[localhost_60754/Answers/Create87f1.html]
[localhost_60754/Questions/Delete87f1.html]
[localhost_60754/Questions/Edit87f1.html]
[localhost_60754/Answers/Create2728.html]
[localhost_60754/Questions/Delete2728.html]
[localhost_60754/Questions/Edit2728.html]
[localhost_60754/Answers/Createe371.html]
[localhost_60754/Questions/Deletee371.html]
[localhost_60754/Questions/Edite371.html]
[localhost_60754/Answers/Createa9bc.html]
[localhost_60754/Questions/Deletea9bc.html]
[localhost_60754/Questions/Edita9bc.html]
[localhost_60754/Answers/Createe5cc.html]
[localhost_60754/Questions/Deletee5cc.html]
[localhost_60754/Questions/Edite5cc.html]
[localhost_60754/Answers/Create6258.html]
[localhost_60754/Questions/Delete6258.html]
[localhost_60754/Questions/Edit6258.html]
[localhost_60754/Answers/Create2e5f.html]
[localhost_60754/Questions/Delete2e5f.html]
[localhost_60754/Questions/Edit2e5f.html]
[localhost_60754/Answers/Create9c8a.html]
[localhost_60754/Questions/Delete9c8a.html]
[localhost_60754/Questions/Edit9c8a.html]
[localhost_60754/Answers/Createea25.html]
[localhost_60754/Questions/Deleteea25.html]
[localhost_60754/Questions/Editea25.html]
[localhost_60754/Answers/Create9e43.html]
[localhost_60754/Questions/Delete9e43.html]
[localhost_60754/Questions/Edit9e43.html]
[localhost_60754/Answers/Create3162.html]
[localhost_60754/Questions/Delete3162.html]
[localhost_60754/Questions/Edit3162.html]
[localhost_60754/Answers/Create3773.html]
[localhost_60754/Questions/Delete3773.html]
[localhost_60754/Questions/Edit3773.html]
[localhost_60754/Answers/Create1434.html]
[localhost_60754/Questions/Delete1434.html]
[localhost_60754/Questions/Edit1434.html]
[localhost_60754/Answers/Create95dc.html]
[localhost_60754/Questions/Delete95dc.html]
[localhost_60754/Questions/Edit95dc.html]
[localhost_60754/Answers/Create8bcf.html]
[localhost_60754/Questions/Delete8bcf.html]
[localhost_60754/Questions/Edit8bcf.html]
[localhost_60754/Answers/Create6fb5.html]
[localhost_60754/Questions/Delete6fb5.html]
[localhost_60754/Questions/Edit6fb5.html]
[localhost_60754/Answers/Createdac1.html]
[localhost_60754/Questions/Deletedac1.html]
[localhost_60754/Questions/Editdac1.html]
[localhost_60754/Answers/Createef73.html]
[localhost_60754/Questions/Deleteef73.html]
[localhost_60754/Questions/Editef73.html]
[localhost_60754/Answers/Created5e8.html]
[localhost_60754/Questions/Deleted5e8.html]
[localhost_60754/Questions/Editd5e8.html]
[localhost_60754/Answers/Create40ac.html]
[localhost_60754/Questions/Delete40ac.html]
[localhost_60754/Questions/Edit40ac.html]
[localhost_60754/Answers/Createf62c.html]
[localhost_60754/Questions/Deletef62c.html]
[localhost_60754/Questions/Editf62c.html]
[localhost_60754/Answers/Create4411.html]
[localhost_60754/Questions/Delete4411.html]
[localhost_60754/Questions/Edit4411.html]
[localhost_60754/Provinces/Create.html]
[localhost_60754/Provinces/Edit681a.html]
[localhost_60754/Provinces/Details681a.html]
[localhost_60754/Provinces/Delete681a.html]
[localhost_60754/Provinces/Edit0b30.html]
[localhost_60754/Provinces/Details0b30.html]
[localhost_60754/Provinces/Delete0b30.html]
[localhost_60754/Provinces/Editd708.html]
[localhost_60754/Provinces/Detailsd708.html]
[localhost_60754/Provinces/Deleted708.html]
[localhost_60754/Provinces/Editdcfd.html]
[localhost_60754/Provinces/Detailsdcfd.html]
[localhost_60754/Provinces/Deletedcfd.html]
[localhost_60754/Provinces/Editd61c.html]
[localhost_60754/Provinces/Detailsd61c.html]
[localhost_60754/Provinces/Deleted61c.html]
[localhost_60754/Provinces/Edit3a9f.html]
[localhost_60754/Provinces/Details3a9f.html]
[localhost_60754/Provinces/Delete3a9f.html]
[localhost_60754/Provinces/Edit8803.html]
[localhost_60754/Provinces/Details8803.html]
[localhost_60754/Provinces/Delete8803.html]
[localhost_60754/Provinces/Editc3c9.html]
[localhost_60754/Provinces/Detailsc3c9.html]
[localhost_60754/Provinces/Deletec3c9.html]
[localhost_60754/Provinces/Edit5255.html]
[localhost_60754/Provinces/Details5255.html]
[localhost_60754/Provinces/Delete5255.html]
[localhost_60754/Provinces/Editf41b.html]
[localhost_60754/Provinces/Detailsf41b.html]
[localhost_60754/Provinces/Deletef41b.html]
[localhost_60754/Provinces/Edit0055.html]
[localhost_60754/Provinces/Details0055.html]
[localhost_60754/Provinces/Delete0055.html]
[localhost_60754/Provinces/Edit4ef9.html]
[localhost_60754/Provinces/Details4ef9.html]
[localhost_60754/Provinces/Delete4ef9.html]
[localhost_60754/Provinces/Edit6e03.html]
[localhost_60754/Provinces/Details6e03.html]
[localhost_60754/Provinces/Delete6e03.html]
[localhost_60754/Provinces/Edit87f1.html]
[localhost_60754/Provinces/Details87f1.html]
[localhost_60754/Provinces/Delete87f1.html]
[localhost_60754/Provinces/Edit7429.html]
[localhost_60754/Provinces/Details7429.html]
[localhost_60754/Provinces/Delete7429.html]
[localhost_60754/Provinces/Edit2728.html]
[localhost_60754/Provinces/Details2728.html]
[localhost_60754/Provinces/Delete2728.html]
[localhost_60754/Provinces/Edit190a.html]
[localhost_60754/Provinces/Details190a.html]
[localhost_60754/Provinces/Delete190a.html]
[localhost_60754/Provinces/Edite371.html]
[localhost_60754/Provinces/Detailse371.html]
[localhost_60754/Provinces/Deletee371.html]
[localhost_60754/Provinces/Edita9bc.html]
[localhost_60754/Provinces/Detailsa9bc.html]
[localhost_60754/Provinces/Deletea9bc.html]
[localhost_60754/Provinces/Edite5cc.html]
[localhost_60754/Provinces/Detailse5cc.html]
[localhost_60754/Provinces/Deletee5cc.html]
[localhost_60754/Provinces/Edit6258.html]
[localhost_60754/Provinces/Details6258.html]
[localhost_60754/Provinces/Delete6258.html]
[localhost_60754/Provinces/Edit2e5f.html]
[localhost_60754/Provinces/Details2e5f.html]
[localhost_60754/Provinces/Delete2e5f.html]
[localhost_60754/Provinces/Edit9c8a.html]
[localhost_60754/Provinces/Details9c8a.html]
[localhost_60754/Provinces/Delete9c8a.html]
[localhost_60754/Provinces/Editea25.html]
[localhost_60754/Provinces/Detailsea25.html]
[localhost_60754/Provinces/Deleteea25.html]
[localhost_60754/Provinces/Edit9e43.html]
[localhost_60754/Provinces/Details9e43.html]
[localhost_60754/Provinces/Delete9e43.html]
[localhost_60754/Provinces/Edit3162.html]
[localhost_60754/Provinces/Details3162.html]
[localhost_60754/Provinces/Delete3162.html]
[localhost_60754/Provinces/Edit3773.html]
[localhost_60754/Provinces/Details3773.html]
[localhost_60754/Provinces/Delete3773.html]
[localhost_60754/Provinces/Edit1434.html]
[localhost_60754/Provinces/Details1434.html]
[localhost_60754/Provinces/Delete1434.html]
[localhost_60754/Provinces/Edit95dc.html]
[localhost_60754/Provinces/Details95dc.html]
[localhost_60754/Provinces/Delete95dc.html]
[localhost_60754/Provinces/Edit8bcf.html]
[localhost_60754/Provinces/Details8bcf.html]
[localhost_60754/Provinces/Delete8bcf.html]
[localhost_60754/Provinces/Edit6fb5.html]
[localhost_60754/Provinces/Details6fb5.html]
[localhost_60754/Provinces/Delete6fb5.html]
[localhost_60754/Provinces/Editdac1.html]
[localhost_60754/Provinces/Detailsdac1.html]
[localhost_60754/Provinces/Deletedac1.html]
[localhost_60754/Provinces/Editef73.html]
[localhost_60754/Provinces/Detailsef73.html]
[localhost_60754/Provinces/Deleteef73.html]
[localhost_60754/Provinces/Editd5e8.html]
[localhost_60754/Provinces/Detailsd5e8.html]
[localhost_60754/Provinces/Deleted5e8.html]
[localhost_60754/Cities/Create.html]
[localhost_60754/Cities/Edit681a.html]
[localhost_60754/Cities/Delete681a.html]
[localhost_60754/Cities/Edit0b30.html]
[localhost_60754/Cities/Delete0b30.html]
[localhost_60754/Cities/Editd708.html]
[localhost_60754/Cities/Deleted708.html]
[localhost_60754/Cities/Editdcfd.html]
[localhost_60754/Cities/Deletedcfd.html]
[localhost_60754/Programs/Create.html]
[localhost_60754/Programs/Edit681a.html]
[localhost_60754/Programs/Details681a.html]
[localhost_60754/Programs/Delete681a.html]
[localhost_60754/Batches/Create.html]
[localhost_60754/Groups/Create.html]
[localhost_60754/Users/Create.html]
[localhost_60754/Reports/chartjs.html]
[localhost_60754/Reports/chartjs2.html]
[localhost_60754/Reports/morisjs.html]
[localhost_60754/Reports/echarts.html]
[localhost_60754/Reports/other_charts.html]
[localhost_60754/Reports/e_commerce.html]
[localhost_60754/Reports/projects.html]
[localhost_60754/Reports/project_detail.html]
[localhost_60754/Reports/contacts.html]
[localhost_60754/Reports/profile.html]
[localhost_60754/Reports/page_403.html]
[localhost_60754/Reports/page_404.html]
[localhost_60754/Reports/page_500.html]
[localhost_60754/Reports/plain_page.html]
[localhost_60754/Reports/login.html]
[localhost_60754/Reports/pricing_tables.html]
[localhost_60754/Reports/level2.html]
[localhost_60754/Reports/images/img.html]
[localhost_60754/Clients/chartjs.html]
[localhost_60754/Clients/chartjs2.html]
[localhost_60754/Clients/morisjs.html]
[localhost_60754/Clients/echarts.html]
[localhost_60754/Clients/other_charts.html]
[localhost_60754/Clients/e_commerce.html]
[localhost_60754/Clients/projects.html]
[localhost_60754/Clients/project_detail.html]
[localhost_60754/Clients/contacts.html]
[localhost_60754/Clients/profile.html]
[localhost_60754/Clients/page_403.html]
[localhost_60754/Clients/page_404.html]
[localhost_60754/Clients/page_500.html]
[localhost_60754/Clients/plain_page.html]
[localhost_60754/Clients/login.html]
[localhost_60754/Clients/pricing_tables.html]
[localhost_60754/Clients/level2.html]
[localhost_60754/Clients/images/img.html]
[localhost_60754/css/bootstrap-datetimepicker/build/css/bootstrap-datetimepicker.min.css]
[localhost_60754/Applicants/chartjs.html]
[localhost_60754/Applicants/chartjs2.html]
[localhost_60754/Applicants/morisjs.html]
[localhost_60754/Applicants/echarts.html]
[localhost_60754/Applicants/other_charts.html]
[localhost_60754/Applicants/e_commerce.html]
[localhost_60754/Applicants/projects.html]
[localhost_60754/Applicants/project_detail.html]
[localhost_60754/Applicants/contacts.html]
[localhost_60754/Applicants/profile.html]
[localhost_60754/Applicants/page_403.html]
[localhost_60754/Applicants/page_404.html]
[localhost_60754/Applicants/page_500.html]
[localhost_60754/Applicants/plain_page.html]
[localhost_60754/Applicants/login.html]
[localhost_60754/Applicants/pricing_tables.html]
[localhost_60754/Applicants/level2.html]
[localhost_60754/Applicants/images/img.html]
[localhost_60754/Questions/chartjs.html]
[localhost_60754/Questions/chartjs2.html]
[localhost_60754/Questions/morisjs.html]
[localhost_60754/Questions/echarts.html]
[localhost_60754/Questions/other_charts.html]
[localhost_60754/Questions/e_commerce.html]
[localhost_60754/Questions/projects.html]
[localhost_60754/Questions/project_detail.html]
[localhost_60754/Questions/contacts.html]
[localhost_60754/Questions/profile.html]
[localhost_60754/Questions/page_403.html]
[localhost_60754/Questions/page_404.html]
[localhost_60754/Questions/page_500.html]
[localhost_60754/Questions/plain_page.html]
[localhost_60754/Questions/login.html]
[localhost_60754/Questions/pricing_tables.html]
[localhost_60754/Questions/level2.html]
[localhost_60754/Questions/images/img.html]
[localhost_60754/Answers/chartjs.html]
[localhost_60754/Answers/chartjs2.html]
[localhost_60754/Answers/morisjs.html]
[localhost_60754/Answers/echarts.html]
[localhost_60754/Answers/other_charts.html]
[localhost_60754/Answers/e_commerce.html]
[localhost_60754/Answers/projects.html]
[localhost_60754/Answers/project_detail.html]
[localhost_60754/Answers/contacts.html]
[localhost_60754/Answers/profile.html]
[localhost_60754/Answers/page_403.html]
[localhost_60754/Answers/page_404.html]
[localhost_60754/Answers/page_500.html]
[localhost_60754/Answers/plain_page.html]
[localhost_60754/Answers/login.html]
[localhost_60754/Answers/pricing_tables.html]
[localhost_60754/Answers/level2.html]
[localhost_60754/Answers/images/img.html]
[localhost_60754/Answers/Editdcfd.html]
[localhost_60754/Answers/Deletedcfd.html]
[localhost_60754/Answers/Editd61c.html]
[localhost_60754/Answers/Deleted61c.html]
[localhost_60754/Answers/Edit3a9f.html]
[localhost_60754/Answers/Delete3a9f.html]
[localhost_60754/Answers/Edit8803.html]
[localhost_60754/Answers/Delete8803.html]
[localhost_60754/Answers/Editc3c9.html]
[localhost_60754/Answers/Deletec3c9.html]
[localhost_60754/Answers/Edit5255.html]
[localhost_60754/Answers/Delete5255.html]
[localhost_60754/Answers/Editf41b.html]
[localhost_60754/Answers/Deletef41b.html]
[localhost_60754/Answers/Edit0055.html]
[localhost_60754/Answers/Delete0055.html]
[localhost_60754/Answers/Edit4ef9.html]
[localhost_60754/Answers/Delete4ef9.html]
[localhost_60754/Answers/Edit6e03.html]
[localhost_60754/Answers/Delete6e03.html]
[localhost_60754/Answers/Edit87f1.html]
[localhost_60754/Answers/Delete87f1.html]
[localhost_60754/Answers/Edit7429.html]
[localhost_60754/Answers/Delete7429.html]
[localhost_60754/Answers/Edit2728.html]
[localhost_60754/Answers/Delete2728.html]
[localhost_60754/Answers/Edit190a.html]
[localhost_60754/Answers/Delete190a.html]
[localhost_60754/Answers/Edite371.html]
[localhost_60754/Answers/Deletee371.html]
[localhost_60754/Answers/Edita9bc.html]
[localhost_60754/Answers/Deletea9bc.html]
[localhost_60754/Answers/Edite5cc.html]
[localhost_60754/Answers/Deletee5cc.html]
[localhost_60754/Answers/Edit6258.html]
[localhost_60754/Answers/Delete6258.html]
[localhost_60754/Answers/Edit2e5f.html]
[localhost_60754/Answers/Delete2e5f.html]
[localhost_60754/Answers/Edit9c8a.html]
[localhost_60754/Answers/Delete9c8a.html]
[localhost_60754/Answers/Editea25.html]
[localhost_60754/Answers/Deleteea25.html]
[localhost_60754/Answers/Edit9e43.html]
[localhost_60754/Answers/Delete9e43.html]
[localhost_60754/Answers/Edit3162.html]
[localhost_60754/Answers/Delete3162.html]
[localhost_60754/Answers/Edit3773.html]
[localhost_60754/Answers/Delete3773.html]
[localhost_60754/Answers/Edit1434.html]
[localhost_60754/Answers/Delete1434.html]
[localhost_60754/Answers/Edita916.html]
[localhost_60754/Answers/Deletea916.html]
[localhost_60754/Answers/Edit98dc.html]
[localhost_60754/Answers/Delete98dc.html]
[localhost_60754/Answers/Edit084d.html]
[localhost_60754/Answers/Delete084d.html]
[localhost_60754/Answers/Editbb33.html]
[localhost_60754/Answers/Deletebb33.html]
[localhost_60754/Answers/Edit4944.html]
[localhost_60754/Answers/Delete4944.html]
[localhost_60754/Answers/Edit95dc.html]
[localhost_60754/Answers/Delete95dc.html]
[localhost_60754/Answers/Edit8bcf.html]
[localhost_60754/Answers/Delete8bcf.html]
[localhost_60754/Answers/Edit6fb5.html]
[localhost_60754/Answers/Delete6fb5.html]
[localhost_60754/Answers/Editdac1.html]
[localhost_60754/Answers/Deletedac1.html]
[localhost_60754/Answers/Editef73.html]
[localhost_60754/Answers/Deleteef73.html]
[localhost_60754/Answers/Editd5e8.html]
[localhost_60754/Answers/Deleted5e8.html]
[localhost_60754/Answers/Edit40ac.html]
[localhost_60754/Answers/Delete40ac.html]
[localhost_60754/Answers/Editf62c.html]
[localhost_60754/Answers/Deletef62c.html]
[localhost_60754/Answers/Edit4411.html]
[localhost_60754/Answers/Delete4411.html]
[localhost_60754/Answers/Editcdef.html]
[localhost_60754/Answers/Deletecdef.html]
[localhost_60754/Answers/Edit2568.html]
[localhost_60754/Answers/Delete2568.html]
[localhost_60754/Answers/Edit0c98.html]
[localhost_60754/Answers/Delete0c98.html]
[localhost_60754/Answers/Edit7d36.html]
[localhost_60754/Answers/Delete7d36.html]
[localhost_60754/Answers/Editfddb.html]
[localhost_60754/Answers/Deletefddb.html]
[localhost_60754/Answers/Edit3ca5.html]
[localhost_60754/Answers/Delete3ca5.html]
[localhost_60754/Answers/Edit1e85.html]
[localhost_60754/Answers/Delete1e85.html]
[localhost_60754/Answers/Edita9e4.html]
[localhost_60754/Answers/Deletea9e4.html]
[localhost_60754/Answers/Editadbc.html]
[localhost_60754/Answers/Deleteadbc.html]
[localhost_60754/Answers/Edit850a.html]
[localhost_60754/Answers/Delete850a.html]
[localhost_60754/Answers/Edit48db.html]
[localhost_60754/Answers/Delete48db.html]
[localhost_60754/Answers/Edit37ab.html]
[localhost_60754/Answers/Delete37ab.html]
[localhost_60754/Answers/Edit011a.html]
[localhost_60754/Answers/Delete011a.html]
[localhost_60754/Answers/Edit2fc6.html]
[localhost_60754/Answers/Delete2fc6.html]
[localhost_60754/Answers/Edit619c.html]
[localhost_60754/Answers/Delete619c.html]
[localhost_60754/Answers/Edit3221.html]
[localhost_60754/Answers/Delete3221.html]
[localhost_60754/Provinces/chartjs.html]
[localhost_60754/Provinces/chartjs2.html]
[localhost_60754/Provinces/morisjs.html]
[localhost_60754/Provinces/echarts.html]
[localhost_60754/Provinces/other_charts.html]
[localhost_60754/Provinces/e_commerce.html]
[localhost_60754/Provinces/projects.html]
[localhost_60754/Provinces/project_detail.html]
[localhost_60754/Provinces/contacts.html]
[localhost_60754/Provinces/profile.html]
[localhost_60754/Provinces/page_403.html]
[localhost_60754/Provinces/page_404.html]
[localhost_60754/Provinces/page_500.html]
[localhost_60754/Provinces/plain_page.html]
[localhost_60754/Provinces/login.html]
[localhost_60754/Provinces/pricing_tables.html]
[localhost_60754/Provinces/level2.html]
[localhost_60754/Provinces/images/img.html]
[localhost_60754/Cities/chartjs.html]
[localhost_60754/Cities/chartjs2.html]
[localhost_60754/Cities/morisjs.html]
[localhost_60754/Cities/echarts.html]
[localhost_60754/Cities/other_charts.html]
[localhost_60754/Cities/e_commerce.html]
[localhost_60754/Cities/projects.html]
[localhost_60754/Cities/project_detail.html]
[localhost_60754/Cities/contacts.html]
[localhost_60754/Cities/profile.html]
[localhost_60754/Cities/page_403.html]
[localhost_60754/Cities/page_404.html]
[localhost_60754/Cities/page_500.html]
[localhost_60754/Cities/plain_page.html]
[localhost_60754/Cities/login.html]
[localhost_60754/Cities/pricing_tables.html]
[localhost_60754/Cities/level2.html]
[localhost_60754/Cities/images/img.html]
[localhost_60754/Programs/chartjs.html]
[localhost_60754/Programs/chartjs2.html]
[localhost_60754/Programs/morisjs.html]
[localhost_60754/Programs/echarts.html]
[localhost_60754/Programs/other_charts.html]
[localhost_60754/Programs/e_commerce.html]
[localhost_60754/Programs/projects.html]
[localhost_60754/Programs/project_detail.html]
[localhost_60754/Programs/contacts.html]
[localhost_60754/Programs/profile.html]
[localhost_60754/Programs/page_403.html]
[localhost_60754/Programs/page_404.html]
[localhost_60754/Programs/page_500.html]
[localhost_60754/Programs/plain_page.html]
[localhost_60754/Programs/login.html]
[localhost_60754/Programs/pricing_tables.html]
[localhost_60754/Programs/level2.html]
[localhost_60754/Programs/images/img.html]
[localhost_60754/Batches/index.html]
[localhost_60754/Batches/chartjs.html]
[localhost_60754/Batches/chartjs2.html]
[localhost_60754/Batches/morisjs.html]
[localhost_60754/Batches/echarts.html]
[localhost_60754/Batches/other_charts.html]
[localhost_60754/Batches/e_commerce.html]
[localhost_60754/Batches/projects.html]
[localhost_60754/Batches/project_detail.html]
[localhost_60754/Batches/contacts.html]
[localhost_60754/Batches/profile.html]
[localhost_60754/Batches/page_403.html]
[localhost_60754/Batches/page_404.html]
[localhost_60754/Batches/page_500.html]
[localhost_60754/Batches/plain_page.html]
[localhost_60754/Batches/login.html]
[localhost_60754/Batches/pricing_tables.html]
[localhost_60754/Batches/level2.html]
[localhost_60754/Batches/images/img.html]
[localhost_60754/Groups/chartjs.html]
[localhost_60754/Groups/chartjs2.html]
[localhost_60754/Groups/morisjs.html]
[localhost_60754/Groups/echarts.html]
[localhost_60754/Groups/other_charts.html]
[localhost_60754/Groups/e_commerce.html]
[localhost_60754/Groups/projects.html]
[localhost_60754/Groups/project_detail.html]
[localhost_60754/Groups/contacts.html]
[localhost_60754/Groups/profile.html]
[localhost_60754/Groups/page_403.html]
[localhost_60754/Groups/page_404.html]
[localhost_60754/Groups/page_500.html]
[localhost_60754/Groups/plain_page.html]
[localhost_60754/Groups/login.html]
[localhost_60754/Groups/pricing_tables.html]
[localhost_60754/Groups/level2.html]
[localhost_60754/Groups/images/img.html]
[localhost_60754/Users/chartjs.html]
[localhost_60754/Users/chartjs2.html]
[localhost_60754/Users/morisjs.html]
[localhost_60754/Users/echarts.html]
[localhost_60754/Users/other_charts.html]
[localhost_60754/Users/e_commerce.html]
[localhost_60754/Users/projects.html]
[localhost_60754/Users/project_detail.html]
[localhost_60754/Users/contacts.html]
[localhost_60754/Users/profile.html]
[localhost_60754/Users/page_403.html]
[localhost_60754/Users/page_404.html]
[localhost_60754/Users/page_500.html]
[localhost_60754/Users/plain_page.html]
[localhost_60754/Users/login.html]
[localhost_60754/Users/pricing_tables.html]
[localhost_60754/Users/level2.html]
[localhost_60754/Users/images/img.html]
[localhost_60754/Answers.html]
[localhost_60754/Cities/Details681a.html]
[localhost_60754/Cities/Details0b30.html]
[localhost_60754/Cities/Detailsd708.html]
[localhost_60754/Cities/Detailsdcfd.html]
[localhost_60754/Answers/Create.html]
[localhost_60754/Answers/Detailsdcfd.html]
[localhost_60754/Answers/Detailsd61c.html]
[localhost_60754/Answers/Details3a9f.html]
[localhost_60754/Answers/Details8803.html]
[localhost_60754/Answers/Detailsc3c9.html]
[localhost_60754/Answers/Details5255.html]
[localhost_60754/Answers/Detailsf41b.html]
[localhost_60754/Answers/Details0055.html]
[localhost_60754/Answers/Details4ef9.html]
[localhost_60754/Answers/Details6e03.html]
[localhost_60754/Answers/Details87f1.html]
[localhost_60754/Answers/Details7429.html]
[localhost_60754/Answers/Details2728.html]
[localhost_60754/Answers/Details190a.html]
[localhost_60754/Answers/Detailse371.html]
[localhost_60754/Answers/Detailsa9bc.html]
[localhost_60754/Answers/Detailse5cc.html]
[localhost_60754/Answers/Details6258.html]
[localhost_60754/Answers/Details2e5f.html]
[localhost_60754/Answers/Details9c8a.html]
[localhost_60754/Answers/Detailsea25.html]
[localhost_60754/Answers/Details9e43.html]
[localhost_60754/Answers/Details3162.html]
[localhost_60754/Answers/Details3773.html]
[localhost_60754/Answers/Details1434.html]
[localhost_60754/Answers/Details95dc.html]
[localhost_60754/Answers/Details8bcf.html]
[localhost_60754/Answers/Details6fb5.html]
[localhost_60754/Answers/Detailsdac1.html]
[localhost_60754/Answers/Detailsef73.html]
[localhost_60754/Answers/Detailsd5e8.html]
[localhost_60754/Answers/Details40ac.html]
[localhost_60754/Answers/Detailsf62c.html]
[localhost_60754/Answers/Details4411.html]
[localhost_60754/Answers/Detailscdef.html]
[localhost_60754/Answers/Detailsa916.html]
[localhost_60754/Answers/Details98dc.html]
[localhost_60754/Answers/Details084d.html]
[localhost_60754/Answers/Detailsbb33.html]
[localhost_60754/Answers/Details4944.html]
[localhost_60754/Answers/Details2568.html]
[localhost_60754/Answers/Details0c98.html]
[localhost_60754/Answers/Details7d36.html]
[localhost_60754/Answers/Detailsfddb.html]
[localhost_60754/Answers/Details3ca5.html]
[localhost_60754/Answers/Details1e85.html]
[localhost_60754/Answers/Detailsa9e4.html]
[localhost_60754/Answers/Detailsadbc.html]
[localhost_60754/Answers/Details850a.html]
[localhost_60754/Answers/Details48db.html]
[localhost_60754/Answers/Details37ab.html]
[localhost_60754/Answers/Details011a.html]
[localhost_60754/Answers/Details2fc6.html]
[localhost_60754/Answers/Details619c.html]
[localhost_60754/Answers/Details3221.html]
